[2026-05-13 14:57:59.916740] ATTEMPT: Sending to sujaykathi25csds@rnsit.ac.in | Subject: Welcome to the team!
[2026-05-13 14:58:04.352044] SUCCESS: Sent to sujaykathi25csds@rnsit.ac.in
[2026-05-13 15:04:21.015978] ATTEMPT: Sending to sujaykathi25csds@rnsit.ac.in | Subject: Test
[2026-05-13 15:04:25.106995] SUCCESS: Sent to sujaykathi25csds@rnsit.ac.in
[2026-05-13 15:08:47.570831] ATTEMPT: Sending to br.roshni0031@gmail.com | Subject: Meeting Invite: Team Meeting
[2026-05-13 15:09:02.448040] SUCCESS: Sent to br.roshni0031@gmail.com
[2026-05-13 15:13:14.183658] ATTEMPT: Sending to br.roshni0031@gmail.com | Subject: Meeting Invitation: Test Meet
[2026-05-13 15:13:16.814432] ATTEMPT: Sending to br.roshni0031@gmail.com | Subject: Message from Colleague (via ExecuAI)
[2026-05-13 15:13:18.879911] SUCCESS: Sent to br.roshni0031@gmail.com
[2026-05-13 15:13:20.788685] SUCCESS: Sent to br.roshni0031@gmail.com
[2026-05-13 15:19:33.010355] ATTEMPT: Sending to br.roshni0031@gmail.com | Subject: Message from Colleague (via ExecuAI)
[2026-05-13 15:19:43.688890] SUCCESS: Sent to br.roshni0031@gmail.com
[2026-05-13 15:26:07.090922] ATTEMPT: Sending to br.roshni0031@gmail.com | Subject: Test Async
[2026-05-13 15:26:13.232363] SUCCESS: Sent to br.roshni0031@gmail.com
[2026-05-13 15:29:08.153382] ATTEMPT: Sending to br.roshni0031@gmail.com | Subject: Meeting Invitation: testing
[2026-05-13 15:29:08.162432] ATTEMPT: Sending to br.roshni0031@gmail.com | Subject: Meeting Invite: testing
[2026-05-13 15:29:12.030590] SUCCESS: Sent to br.roshni0031@gmail.com
[2026-05-13 15:29:12.147705] SUCCESS: Sent to br.roshni0031@gmail.com
[2026-05-13 15:34:28.003779] ATTEMPT: Sending to br.roshni0031@gmail.com | Subject: Welcome to the team!
[2026-05-13 15:34:32.148254] SUCCESS: Sent to br.roshni0031@gmail.com
[2026-05-13 15:36:20.325048] ATTEMPT: Sending to br.roshni0031@gmail.com | Subject: Meeting Invitation: Sprint Planning
[2026-05-13 15:36:20.328104] ATTEMPT: Sending to br.roshni0031@gmail.com | Subject: Meeting Invite: Sprint Planning
[2026-05-13 15:36:24.120484] SUCCESS: Sent to br.roshni0031@gmail.com
[2026-05-13 15:36:24.444176] SUCCESS: Sent to br.roshni0031@gmail.com
[2026-05-13 15:43:39.103638] ATTEMPT: Sending to br.roshni0031@gmail.com | Subject: Meeting Invitation: testing12 at 6pm
[2026-05-13 15:43:39.115667] ATTEMPT: Sending to br.roshni0031@gmail.com | Subject: Meeting Invite: testing12 at 6pm
[2026-05-13 15:43:43.411056] SUCCESS: Sent to br.roshni0031@gmail.com
[2026-05-13 15:43:43.540155] SUCCESS: Sent to br.roshni0031@gmail.com
